// Vitest Snapshot v1, https://vitest.dev/guide/snapshot.html

exports[`orchestration visibility visual baseline > matches the orchestration visibility panel snapshot in the active state 1`] = `
<section
  aria-label="Orchestration visibility"
  class="detail-card detail-card--full"
>
  <div
    class="detail-card__header"
  >
    <div>
      <h2>
        Orchestration visibility
      </h2>
      <p
        class="task-list-meta"
      >
        Current run state: active.
      </p>
    </div>
  </div>
  <div
    class="summary-grid orchestration-summary-grid"
  >
    <article>
      <span>
        Ready
      </span>
      <strong>
        1
      </strong>
    </article>
    <article>
      <span>
        Running
      </span>
      <strong>
        1
      </strong>
    </article>
    <article>
      <span>
        Blocked
      </span>
      <strong>
        1
      </strong>
    </article>
    <article>
      <span>
        Fallback
      </span>
      <strong>
        0
      </strong>
    </article>
    <article>
      <span>
        Completed
      </span>
      <strong>
        1
      </strong>
    </article>
  </div>
  <div
    aria-label="Orchestrated child work items"
    class="orchestration-table"
    role="table"
  >
    <div
      class="orchestration-table__head"
      role="rowgroup"
    >
      <div
        role="row"
      >
        <span
          role="columnheader"
        >
          Work item
        </span>
        <span
          role="columnheader"
        >
          State
        </span>
        <span
          role="columnheader"
        >
          Dependency status
        </span>
        <span
          role="columnheader"
        >
          Why
        </span>
      </div>
    </div>
    <div
      class="orchestration-table__body"
      role="rowgroup"
    >
      <div
        class="orchestration-table__row"
        role="row"
      >
        <div
          role="cell"
        >
          <strong>
            Completed child
          </strong>
          <span>
            TSK-43
             · engineer
          </span>
        </div>
        <div
          role="cell"
        >
          <strong>
            Completed
          </strong>
        </div>
        <div
          role="cell"
        >
          <strong>
            Done
          </strong>
          <span>
            No unmet dependencies
          </span>
        </div>
        <div
          role="cell"
        >
          <span>
            No blocker or fallback details.
          </span>
        </div>
      </div>
      <div
        class="orchestration-table__row"
        role="row"
      >
        <div
          role="cell"
        >
          <strong>
            Run QA verification
          </strong>
          <span>
            TSK-44
             · qa
          </span>
        </div>
        <div
          role="cell"
        >
          <strong>
            Running
          </strong>
          <span>
            qa
             → qa
          </span>
        </div>
        <div
          role="cell"
        >
          <strong>
            Ready to dispatch
          </strong>
          <span>
            No unmet dependencies
          </span>
        </div>
        <div
          role="cell"
        >
          <span>
            No blocker or fallback details.
          </span>
        </div>
      </div>
      <div
        class="orchestration-table__row"
        role="row"
      >
        <div
          role="cell"
        >
          <strong>
            Blocked handoff
          </strong>
          <span>
            TSK-45
             · qa
          </span>
        </div>
        <div
          role="cell"
        >
          <strong>
            Blocked
          </strong>
        </div>
        <div
          role="cell"
        >
          <strong>
            Blocked by dependency
          </strong>
          <span>
            Depends on 
            TSK-43
          </span>
        </div>
        <div
          role="cell"
        >
          <span>
            Blocked by child task TSK-43.
          </span>
        </div>
      </div>
    </div>
  </div>
</section>
`;
